
> qr-signature-app@0.0.0 build
> vite build

[36mvite v5.4.21 [32mbuilding for production...[36m[39m
transforming...
[32mΓ£ô[39m 1832 modules transformed.
rendering chunks...
computing gzip size...
[2mdist/[22m[32mindex.html                 [39m[1m[2m  0.84 kB[22m[1m[22m[2m Γöé gzip:  0.48 kB[22m
[2mdist/[22m[35massets/index-B-KQSWUs.css  [39m[1m[2m 20.73 kB[22m[1m[22m[2m Γöé gzip:  4.40 kB[22m
[2mdist/[22m[36massets/index-D-Je2Y1E.js   [39m[1m[2m303.13 kB[22m[1m[22m[2m Γöé gzip: 98.64 kB[22m
[32mΓ£ô built in 2.47s[39m
